// Jest Snapshot v1, https://goo.gl/fbAQLP

exports[`CustomMarker renders correctly 1`] = `
<div
  className="sc-gtssRu kBNPkW"
  data-testid="customMarker"
  data-testlocation={
    Object {
      "lat": undefined,
      "lng": undefined,
    }
  }
>
  <p>
    Testing Tooltip
  </p>
  <svg
    height="20pt"
    viewBox="0 0 32 32"
    width="20pt"
    xmlns="http://www.w3.org/2000/svg"
  >
    <g>
      <path
        d="M24.332 16.934l7.535 10.199C26.2 29 13.133 28.602 8.067 26V7.867c5 2.598 18.132 3.067 23.8 1.133zm0 0"
        fill="#FC644F"
      />
      <path
        d="M8.066 25.934l4.067-2-3-9.067-1.067 1.531zm0 0"
        fill="#F1543F"
      />
      <path
        d="M2.535 2.934V21s4.73-1.266 9.531 2.867v-18c-4.8-4.199-9.53-2.933-9.53-2.933zm0 0"
        fill="#FF7058"
      />
      <path
        d="M2 0C1 0 .133.8.133 1.8V32H3.8V1.8C3.8.8 3 0 2 0zm0 0"
        fill="#40596B"
      />
    </g>
  </svg>
</div>
`;
