// Jest Snapshot v1, https://goo.gl/fbAQLP

exports[`Todos Manager Page renders <TodoList /> 1`] = `
<div
  className="css-1mjppp"
>
  <header
    className="sc-dlnjPT eSGkCO"
  >
    <h1>
      Todos
    </h1>
    <div
      className="sc-gtssRu loStDX"
    >
      <button
        onClick={[Function]}
      >
        Crear Nuevo Todo
      </button>
    </div>
  </header>
  <ul
    className="sc-gKAblj eekmid"
  />
  <footer
    className="css-1ty9u91"
  >
    <nav
      className="sc-bdnylx giuwNz"
    >
      <ul>
        <li>
          <span
            className="css-qyfojd"
          >
            <a
              href="/todos-manager"
            >
              Todos Manager
            </a>
          </span>
        </li>
        <li>
          <span
            className="css-qyfojd"
          >
            <a
              href="/todos-log"
            >
              Todos Log
            </a>
          </span>
        </li>
      </ul>
    </nav>
  </footer>
</div>
`;
