// Jest Snapshot v1, https://goo.gl/fbAQLP

exports[`TodoPromp renders correctly 1`] = `
Array [
  <div
    className="sc-gtssRu iupHtr"
    data-testid="close-prompt"
    onClick={[MockFunction]}
  />,
  <form
    className="sc-dlnjPT bdTOYY"
    data-testid="create-todo"
    onSubmit={[Function]}
  >
    <label
      className="css-1nncrbt"
      htmlFor="description"
    >
      todos.prompt.todo.description.label
    </label>
    <textarea
      className="css-16gg0af"
      data-testid="todo-description-input"
      id="description"
      onChange={[Function]}
      placeholder="todos.prompt.todo.description.placeholder"
      required={true}
      value="Loren Ipsum"
    />
    <div
      className="sc-bdnylx fXrGza"
    >
      <button>
        todos.prompt.todo.create.label
      </button>
    </div>
  </form>,
]
`;
