// Jest Snapshot v1, https://goo.gl/fbAQLP

exports[`TodoItem renders correctly 1`] = `
<div
  className="css-fmx4z3"
>
  <div
    className="sc-bdnylx ikUfnl"
  >
    <p>
      test todo
    </p>
    <div>
      <span
        data-testid="delete-todo"
        onClick={[Function]}
        onKeyDown={[Function]}
        role="button"
        tabIndex={0}
      >
        <svg
          height="14pt"
          viewBox="0 0 14 14"
          width="14pt"
          xmlns="http://www.w3.org/2000/svg"
        >
          <path
            d="M10 .555L9.445 0 5 4.445.555 0 0 .555 4.445 5 0 9.445.555 10 5 5.555 9.445 10 10 9.445 5.555 5zm0 0"
          />
        </svg>
      </span>
      <span
        data-testid="edit-todo"
        onClick={[Function]}
        onKeyDown={[Function]}
        role="button"
        tabIndex={0}
      >
        <svg
          height="14pt"
          viewBox="0 0 14 14"
          width="14pt"
          xmlns="http://www.w3.org/2000/svg"
        >
          <g>
            <path
              d="M8.215 5c-.2 0-.36.16-.36.355V8.93c0 .195-.16.355-.355.355H1.07a.357.357 0 01-.355-.355V1.785c0-.195.16-.355.355-.355h4.285a.358.358 0 100-.715H1.07C.48.715 0 1.195 0 1.785V8.93C0 9.52.48 10 1.07 10H7.5c.59 0 1.07-.48 1.07-1.07V5.355A.357.357 0 008.215 5zm0 0"
            />
            <path
              d="M9.602.402a1.369 1.369 0 00-1.938 0L2.961 5.105a.37.37 0 00-.086.141l-.715 2.14c-.062.188.04.391.227.454a.361.361 0 00.113.015c.04 0 .078-.003.113-.015l2.14-.715a.37.37 0 00.142-.086l4.703-4.703A1.369 1.369 0 009.602.402zm0 0"
            />
          </g>
        </svg>
      </span>
    </div>
  </div>
</div>
`;
